// Jest Snapshot v1, https://goo.gl/fbAQLP

exports[`renders correctly 1`] = `
<div>
  <h1>
    Profile page
  </h1>
  <h1>
    Hoi
  </h1>
</div>
`;
